[www.reservhotel.com/win/owa/ibe5_extras17ef.html]
[backblue.gif]
[fade.gif]
[index.html]
[maxcdn.bootstrapcdn.com/bootstrap/4.0.0-alpha.6/css/bootstrap.min.css]
[www.reservhotel.com/ibe5/assets/css/extras_hector8404.css]
[www.reservhotel.com/ibe5/assets/css/modal_index.css]
[www.reservhotel.com/ibe5/assets/css/jquery.fancybox.css]
[www.reservhotel.com/ibe5/assets/css/font_awesome/css/font-awesome.min.css]
[www.reservhotel.com/ibe5/assets/js/jquery-3.5.1.min.js]
[cdnjs.cloudflare.com/ajax/libs/tether/1.4.3/js/tether.min.js]
[maxcdn.bootstrapcdn.com/bootstrap/4.0.0-alpha.6/js/bootstrap.min.js]
[www.reservhotel.com/ibe5/assets/js/script-ck.js]
[www.reservhotel.com/ibe5/assets/js/libs/jquery.fancybox.pack.js]
[www.reservhotel.com/ibe5/assets/js/libs/jquery.flexslider.min.js]
[www.reservhotel.com/ibe5/assets/js/libs/jquery-ui-1.10.3.custom.min.js]
[www.reservhotel.com/ibe5/assets/js/libs/jquery.cookie.js]
[www.google.com/recaptcha/api8027.js]
[www.reservhotel.com/hotel_images_fastlink/152/152_UBI_001.jpg]
[www.reservhotel.com/hotel_images_fastlink/152/152_UBIT_001.jpg]
[www.reservhotel.com/hotel_images_fastlink/152/152_UBIM_001.jpg]
[www.reservhotel.com/ibe5/assets/images/right-arrow-selected.png]
[www.reservhotel.com/win/owa/html/airlink/transition.php]
[www.google-analytics.com/analytics.js]
[www.reservhotel.com/win/owa/linkid.js]
[www.reservhotel.com/hotel_fastlink_css/152.css]
[www.reservhotel.com/cdn-cgi/bm/cv/669835187/api.js]
[www.reservhotel.com/ibe5/assets/images/icon_hamburgermenu.png]
[www.reservhotel.com/html/airlink/Images/cflags/go.png]
[www.reservhotel.com/win/owa/ibe520c8.html]
[www.reservhotel.com/win/owa/ibe5_rooms377a.html]
[www.reservhotel.com/hotel_images_fastlink/152/103_amenity_1.jpg]
[www.reservhotel.com/hotel_images_fastlink/152/104_amenity_1.jpg]
[www.reservhotel.com/hotel_images_fastlink/152/105_amenity_1.jpg]
[www.reservhotel.com/hotel_images_fastlink/152/108_amenity_1.jpg]
[www.reservhotel.com/hotel_images_fastlink/152/107_amenity_1.jpg]
[www.reservhotel.com/hotel_images_fastlink/test/152/99_image_1.jpg]
[www.reservhotel.com/hotel_images_fastlink/test/152/38_image_1.jpg]
[www.reservhotel.com/hotel_images_fastlink/152/17_amenity_1.jpg]
[www.reservhotel.com/hotel_images_fastlink/152/13_amenity_1.jpg]
[www.reservhotel.com/hotel_images_fastlink/152/10_amenity_1.jpg]
[www.reservhotel.com/hotel_images_fastlink/152/16_amenity_1.jpg]
[www.reservhotel.com/hotel_images_fastlink/152/12_amenity_1.jpg]
[www.reservhotel.com/hotel_images_fastlink/test/152/4_image_1.jpg]
[www.reservhotel.com/hotel_images_fastlink/test/152/6_image_1.jpg]
[www.reservhotel.com/hotel_images_fastlink/test/152/7_image_1.jpg]
[www.reservhotel.com/hotel_images_fastlink/152/5_amenity_1.jpg]
[www.reservhotel.com/hotel_images_fastlink/test/152/14_image_1.jpg]
[www.reservhotel.com/hotel_images_fastlink/test/152/11_image_1.jpg]
[www.reservhotel.com/html/airlink/Images/amenities/Insurance.jpg]
[www.reservhotel.com/hotel_images_fastlink/152/86_amenity_1.jpg]
[www.reservhotel.com/ibe5/assets/images/secure-shopping.png]
[www.reservhotel.com/ibe4/assets/images/rhlogo.png]
[www.reservhotel.com/ibe5/assets/images/loader/page-load-bar-loop.gif]
[www.reservhotel.com/ibe5/assets/images/seat_icon.png]
[www.reservhotel.com/ibe5/assets/images/baggage.png]
[www.reservhotel.com/ibe5/assets/images/airplanteup.png]
[www.reservhotel.com/ibe5/assets/images/pass.png]
[www.reservhotel.com/cdn-cgi/scripts/5c5dd728/cloudflare-static/email-decode.min.js]
[pixel.asksuite.com/asktag.js]
[onboard.triptease.io/bootstrap/v4171.39649/bootstrap.js]
[connect.facebook.net/en_US/fbevents.js]
[theguestbook.com/reservhotel7c65.js]
[www.reservhotel.com/win/owa/ibe5_extras17ef.html]
[maxcdn.bootstrapcdn.com/bootstrap/4.0.0-alpha.6/css/bootstrap.min.css]
[static.cloudflareinsights.com/beacon.min.js]
[www.reservhotel.com/ibe5/assets/css/stylenew_hectore4da.css]
[www.reservhotel.com/ibe5/assets/css/header.css]
[www.reservhotel.com/ibe5/assets/css/breadcrumb.css]
[www.reservhotel.com/ibe5/assets/css/extras_hector8404.css]
[www.reservhotel.com/ibe5/assets/css/modal_index.css]
[www.reservhotel.com/ibe5/assets/css/footer.css]
[www.reservhotel.com/ibe5/assets/css/fancybox_sprite.png]
[www.reservhotel.com/ibe5/assets/css/fancybox_loading.gif]
[www.reservhotel.com/ibe5/assets/css/blank.gif]
[www.reservhotel.com/ibe5/assets/css/fancybox_overlay.png]
[www.reservhotel.com/ibe5/assets/css/fancybox_sprite@2x.png]
[www.reservhotel.com/ibe5/assets/css/fancybox_loading@2x.gif]
[www.reservhotel.com/ibe5/assets/css/jquery.fancybox.css]
[www.reservhotel.com/ibe5/assets/css/font_awesome/css/font-awesome.min.css]
[www.reservhotel.com/win/owa/html/airlink/transition.html]
[www.reservhotel.com/win/owa/linkid.html]
[www.reservhotel.com/hotel_fastlink_css/152.css]
[www.reservhotel.com/hotel_fastlink_js/152.js]
[www.reservhotel.com/ibe5/assets/css/bootstrap.min.css]
[www.reservhotel.com/ibe5/assets/css/index_newApr212e0a.css]
[www.reservhotel.com/ibe5/assets/css/owl.carousel.min.css]
[www.reservhotel.com/ibe5/assets/css/style-m.css]
[www.reservhotel.com/ibe5/assets/js/libs/datepicker_extension_min.js]
[www.reservhotel.com/ibe5/assets/js/libs/bootstrap.min.js]
[www.reservhotel.com/ibe5/assets/js/libs/jquery.fancybox.pack.min.js]
[www.reservhotel.com/win/owa/ibe55837.javascript]
[www.reservhotel.com/ibe5/assets/js/new_owl.js]
[www.reservhotel.com/ibe5/assets/js/owl.carousel.min.js]
[www.reservhotel.com/win/owa/ibe520c8.html]
[www.reservhotel.com/ibe5/assets/js/slider.js]
[www.reservhotel.com/ibe5/assets/css/flexslider.css]
[www.reservhotel.com/ibe5/assets/css/index202c.css]
[www.reservhotel.com/ibe5/assets/css/rooms.css]
[www.reservhotel.com/ibe5/assets/js/libs/picture.js]
[www.reservhotel.com/win/owa/imagenes/bg.59.delayed]
[www.reservhotel.com/ibe5/assets/images/fancybox-close-btn.png]
[www.reservhotel.com/win/owa/ibe5f9f5.html]
[www.reservhotel.com/hotel_images_fastlink/152/myimg1.jpg]
[www.reservhotel.com/hotel_images_fastlink/152/myimg2.jpg]
[www.reservhotel.com/hotel_images_fastlink/152/myimg3.jpg]
[www.reservhotel.com/hotel_images_fastlink/152/myimg4.jpg]
[www.reservhotel.com/hotel_images_fastlink/152/myimg5.jpg]
[www.reservhotel.com/win/owa/ibe5_rooms377a.html]
[www.googletagmanager.com/gtm5445.html]
[www.reservhotel.com/win/owa/ibe5056d.html]
[www.reservhotel.com/win/owa/c]
[www.reservhotel.com/win/owa/b]
[www.reservhotel.com/win/owa/POST]
[connect.facebook.net/en_US/fbevents.js]
[www.reservhotel.com/ibe5/assets/css/fonts/fira-sans/FiraSans-Regular.ttf]
[www.reservhotel.com/ibe5/assets/css/fonts/fira-sans/FiraSans-Bold.ttf]
[www.reservhotel.com/ibe5/assets/css/fonts/fira-sans/FiraSans-Thin.ttf]
[www.reservhotel.com/ibe5/assets/css/fonts/fira-sans/FiraSans-Medium.ttf]
[www.reservhotel.com/ibe5/assets/css/fonts/fira-sans/FiraSans-Light.ttf]
[www.reservhotel.com/ibe5/assets/css/fonts/fira-sans/FiraSans-Italic.ttf]
[www.reservhotel.com/ibe5/assets/css/fonts/fira-sans/FiraSans-SemiBold.ttf]
[www.reservhotel.com/ibe5/assets/css/fonts/fira-sans/FiraSans-ExtraLight.ttf]
[www.reservhotel.com/ibe5/assets/css/fonts/fira-sans/FiraSans-ExtraBold.ttf]
[www.reservhotel.com/ibe5/assets/css/fonts/fira-sans/FiraSans-Book.ttf]
[www.reservhotel.com/ibe5/assets/images/show-promotions.png]
[www.reservhotel.com/ibe5/assets/images/promos-tag-icon.png]
[www.reservhotel.com/ibe5/assets/images/email-icon.png]
[www.reservhotel.com/ibe5/assets/images/travel-sum-arrow-down.png]
[www.reservhotel.com/ibe5/assets/images/travel-sum-arrow-up.png]
[www.reservhotel.com/ibe5/assets/images/top-right-header-img-1440.jpg]
[www.reservhotel.com/ibe5/assets/images/us-flag.png]
[www.reservhotel.com/ibe5/assets/images/fr-flag.png]
[www.reservhotel.com/ibe5/assets/images/sp-flag.png]
[www.reservhotel.com/ibe5/assets/images/de-flag.png]
[www.reservhotel.com/ibe5/assets/images/po-flag.png]
[www.reservhotel.com/ibe5/assets/images/pol-flag.png]
[www.reservhotel.com/ibe5/assets/images/it-flag.png]
[www.reservhotel.com/ibe5/assets/images/nl-flag.png]
[www.reservhotel.com/ibe5/assets/images/cal-left.png]
[www.reservhotel.com/ibe5/assets/images/cal-left-hover.png]
[www.reservhotel.com/ibe5/assets/images/cal-right.png]
[www.reservhotel.com/ibe5/assets/images/cal-right-hover.png]
[www.reservhotel.com/ibe5/assets/images/pop-up-close.png]
[www.reservhotel.com/ibe5/assets/images/pop-up-close-hover.png]
[www.reservhotel.com/ibe5/assets/images/slider-big-left-arrow.png]
[www.reservhotel.com/ibe5/assets/images/long-dp-prev-up-arrow.png]
[www.reservhotel.com/ibe5/assets/images/slider-big-right-arrow.png]
[www.reservhotel.com/ibe5/assets/images/long-dp-next-down-arrow.png]
[www.reservhotel.com/ibe5/assets/images/slider-left-arrow.png]
[www.reservhotel.com/ibe5/assets/images/slider-left-arrow-hover.png]
[www.reservhotel.com/ibe5/assets/images/slider-right-arrow.png]
[www.reservhotel.com/ibe5/assets/images/slider-right-arrow-hover.png]
[www.reservhotel.com/ibe5/assets/images/right-arrow-select.png]
[www.reservhotel.com/ibe5/assets/images/fancybox-close-btn-hover.png]
[www.reservhotel.com/ibe5/assets/images/slider-nav-circ.png]
[www.reservhotel.com/ibe5/assets/images/slider-nav-circ-hover.png]
[www.reservhotel.com/ibe5/assets/images/hotel-remove-btn.png]
[www.reservhotel.com/ibe5/assets/images/hotel-remove-btn-hover.png]
[www.reservhotel.com/ibe5/assets/images/room-arrow-down.png]
[www.reservhotel.com/ibe5/assets/images/room-arrow-right.png]
[www.reservhotel.com/ibe5/assets/images/collapse-arrow-up.png]
[www.reservhotel.com/ibe5/assets/images/collapse-arrow-down.png]
[www.reservhotel.com/ibe5/assets/images/c-cards.png]
[www.reservhotel.com/ibe5/assets/images/green-help.png]
[www.reservhotel.com/ibe5/assets/images/gray-bullet.png]
[www.reservhotel.com/ibe5/assets/images/cal-icon.png]
[www.reservhotel.com/ibe5/assets/images/right-arrow-white.png]
[www.reservhotel.com/ibe5/assets/images/mini-arrow-down2.png]
[www.reservhotel.com/ibe5/assets/images/cruise.png]
[www.reservhotel.com/ibe5/assets/css/stylenew_hectore4da.css]
[www.reservhotel.com/ibe5/assets/images/icon_chat.png]
[www.reservhotel.com/ibe5/assets/images/icon_world.png]
[www.reservhotel.com/ibe5/assets/images/icon_coin.png]
[www.reservhotel.com/ibe5/assets/images/icon_coupon.png]
[www.reservhotel.com/ibe5/assets/css/header.css]
[www.reservhotel.com/ibe5/assets/images/flechapasos.png]
[www.reservhotel.com/ibe5/assets/css/breadcrumb.css]
[www.reservhotel.com/ibe5/assets/css/footer.css]
[www.reservhotel.com/ibe5/assets/css/bootstrap.min.css]
[www.reservhotel.com/ibe5/assets/css/stylenew.css]
[www.reservhotel.com/ibe5/assets/images/flecha_abajo_btn.png]
[www.reservhotel.com/ibe5/assets/css/index_newApr212e0a.css]
[www.reservhotel.com/ibe5/assets/css/owl.video.play.png]
[www.reservhotel.com/ibe5/assets/css/owl.carousel.min.css]
[www.reservhotel.com/ibe5/assets/css/style-m.css]
[www.reservhotel.com/ibe5/assets/css/fonts/flexslider-icon.eot]
[www.reservhotel.com/ibe5/assets/css/fonts/flexslider-icond41d.eot]
[www.reservhotel.com/ibe5/assets/css/fonts/flexslider-icon.woff]
[www.reservhotel.com/ibe5/assets/css/fonts/flexslider-icon.ttf]
[www.reservhotel.com/ibe5/assets/css/flexslider.css]
[www.reservhotel.com/ibe5/assets/css/index202c.css]
[www.reservhotel.com/ibe5/assets/css/fonts/flexslider-icon.svg]
[www.reservhotel.com/ibe5/assets/images/layoutoption1_black_icon.png]
[www.reservhotel.com/ibe5/assets/images/layoutoption2_gray_icon.png]
[www.reservhotel.com/ibe5/assets/images/layoutoption2_black_icon.png]
[www.reservhotel.com/ibe5/assets/css/rooms.css]
[www.reservhotel.com/win/owa/imagenes/bg.html]
[www.reservhotel.com/win/owa/ibe5f9f5.html]
[www.reservhotel.com/win/owa/ibe53fb7.javascript]
[www.reservhotel.com/win/owa/ibe54db7.html]
[www.reservhotel.com/win/owa/ibe5056d.html]
[www.reservhotel.com/win/owa/c.html]
[www.reservhotel.com/win/owa/b.html]
[www.reservhotel.com/win/owa/POST.html]
[www.reservhotel.com/ibe5/assets/images/icon_world.html]
[www.reservhotel.com/win/owa/ibe5b4a3.html]
[www.reservhotel.com/ibe5/assets/images/datedeparture_icon.png]
[www.reservhotel.com/ibe5/assets/images/datearrival_icon.png]
[www.reservhotel.com/ibe5/assets/images/time_icon.png]
[www.reservhotel.com/ibe5/assets/css/stylenew.css]
[www.reservhotel.com/ibe5/assets/images/flecha_abajo_btn.html]
[www.reservhotel.com/ibe5/assets/css/owl.video.play.html]
[www.reservhotel.com/ibe5/assets/css/fonts/flexslider-icon.svg]
[www.reservhotel.com/ibe5/assets/images/layoutoption1_black_icon.html]
[www.reservhotel.com/ibe5/assets/images/layoutoption2_gray_icon.html]
[www.reservhotel.com/ibe5/assets/images/layoutoption2_black_icon.html]
[www.reservhotel.com/hotel_fastlink_js/10453.js]
[www.reservhotel.com/hotel_images_fastlink/10453/10453_UBI_001.jpg]
[www.reservhotel.com/hotel_images_fastlink/10453/10453_UBIT_001.jpg]
[www.reservhotel.com/hotel_images_fastlink/10453/10453_UBIM_001.jpg]
[www.reservhotel.com/win/owa/ibe56c7e.javascript]
[www.reservhotel.com/hotel_fastlink_css/10453.css]
[cdn.asksuite.com/infochat5e63.js]
[theguestbook.com/reservhoteld4cf.js]
[www.reservhotel.com/win/owa/ibe54db7.html]
[www.reservhotel.com/hotel_fastlink_js/10284.js]
[www.reservhotel.com/hotel_images_fastlink/10284/10284_UBI_001.jpg]
[www.reservhotel.com/hotel_images_fastlink/10284/10284_UBIT_001.jpg]
[www.reservhotel.com/hotel_images_fastlink/10284/10284_UBIM_001.jpg]
[www.reservhotel.com/win/owa/ibe5f351.javascript]
[www.reservhotel.com/hotel_fastlink_css/10284.css]
[cdn.asksuite.com/infochatec66.js]
[theguestbook.com/reservhotel2c83.js]
[www.reservhotel.com/win/owa/ibe5b4a3.html]
[www.reservhotel.com/hotel_fastlink_css/10453.css]
[www.reservhotel.com/hotel_fastlink_css/10284.css]
